src/components/SchemaGraph.tsx(587,30): error TS2304: Cannot find name 'Zap'.
